{
  "_id": "687f71551c81517356061818",
  "achievementsThatReward": [],
  "appearanceId": 0,
  "castInDiagonal": false,
  "castInLine": false,
  "castTestLos": false,
  "className": "ItemData",
  "craftConditionalCriterion": "",
  "craftFeasibleCriterion": "",
  "craftVisibleCriterion": "",
  "craftXpRatio": -1,
  "createdAt": "2024-12-03T00:35:12.820Z",
  "criterions": "",
  "criterionsTarget": "",
  "description": {
    "de": "Diese Halskette von Gargandyas symbolisiert das Joch von Osamodas und enthält eine außergewöhnliche Kraft, da sie über Jahrtausende die Macht des Titanen in sich aufnahm.",
    "en": "A symbol of Osamodas's domination, Gargandyas's necklace has stored up incredible power by containing the Titan's power for millennia.",
    "es": "Este collar de Gargandias, símbolo del yugo de Osamodas, ha acumulado un poder extraordinario tras milenios conteniendo la fuerza del titán.",
    "fr": "Symbole du joug d'Osamodas, le collier de Gargandyas a emmagasiné un pouvoir exceptionnel en contenant pendant des millénaires la puissance du Titan.",
    "id": "1142576",
    "pt": "Símbolo do jugo de Osamodas, o colar de Gargandyas acumulou um poder excepcional ao conter durante milênios a força do titã."
  },
  "dropMonsterIds": [],
  "dropSubAreaIds": [],
  "dropTemporisMonsterIds": [],
  "effects": [
    {
      "category": 0,
      "characteristic": 11,
      "effectId": 125,
      "elementId": -1,
      "from": 451,
      "to": 500
    },
    {
      "category": 0,
      "characteristic": 12,
      "effectId": 124,
      "elementId": -1,
      "from": 41,
      "to": 60
    },
    {
      "category": 0,
      "characteristic": 25,
      "effectId": 138,
      "elementId": 5,
      "from": 41,
      "to": 60
    },
    {
      "category": 0,
      "characteristic": 18,
      "effectId": 115,
      "elementId": -1,
      "from": 3,
      "to": 4
    },
    {
      "category": 0,
      "characteristic": 1,
      "effectId": 111,
      "elementId": -1,
      "from": 2,
      "to": 0
    },
    {
      "category": 0,
      "characteristic": 23,
      "effectId": 169,
      "elementId": -1,
      "from": -1,
      "to": 0
    },
    {
      "category": 0,
      "characteristic": 19,
      "effectId": 117,
      "elementId": -1,
      "from": 1,
      "to": 0
    },
    {
      "category": 0,
      "characteristic": 26,
      "effectId": 182,
      "elementId": -1,
      "from": 2,
      "to": 0
    },
    {
      "category": 0,
      "characteristic": 78,
      "effectId": 754,
      "elementId": -1,
      "from": -20,
      "to": 0
    },
    {
      "category": 0,
      "characteristic": 28,
      "effectId": 163,
      "elementId": -1,
      "from": -20,
      "to": 0
    },
    {
      "category": 0,
      "characteristic": 84,
      "effectId": 414,
      "elementId": 5,
      "from": 16,
      "to": 20
    },
    {
      "category": 1,
      "characteristic": 85,
      "effectId": 416,
      "elementId": 5,
      "from": 31,
      "to": 40
    },
    {
      "category": 0,
      "characteristic": 124,
      "effectId": 2803,
      "elementId": -1,
      "from": 3,
      "to": 5
    },
    {
      "category": 0,
      "characteristic": 121,
      "effectId": 2807,
      "elementId": -1,
      "from": 3,
      "to": 5
    }
  ],
  "enhanceable": true,
  "etheral": false,
  "evolutiveEffectIds": [],
  "exchangeable": true,
  "favoriteRecyclingSubareas": [],
  "favoriteSubAreas": [],
  "favoriteSubAreasBonus": 0,
  "hasLivingObjectSkinJntMood": false,
  "hasRecipe": true,
  "hideEffects": false,
  "iconId": 1328,
  "id": 31789,
  "img": "https://api.dofusdb.fr/img/items/1328.png",
  "importantNotice": {
    "de": "",
    "en": "",
    "es": "",
    "fr": "",
    "id": "1138895",
    "pt": ""
  },
  "isColorable": false,
  "isLegendary": false,
  "isSaleable": true,
  "itemSet": {
    "_id": "687f71541c815173560616c2",
    "bonusIsSecret": false,
    "className": "ItemSetData",
    "createdAt": "2024-12-03T00:35:11.399Z",
    "effects": [
      [],
      [
        {
          "category": 0,
          "characteristic": 25,
          "effectId": 138,
          "elementId": 5,
          "from": 40,
          "to": 0
        },
        {
          "category": 0,
          "characteristic": 44,
          "effectId": 174,
          "elementId": -1,
          "from": 500,
          "to": 0
        },
        {
          "category": 0,
          "characteristic": 11,
          "effectId": 125,
          "elementId": -1,
          "from": 200,
          "to": 0
        }
      ],
      [
        {
          "category": 0,
          "characteristic": 25,
          "effectId": 138,
          "elementId": 5,
          "from": 80,
          "to": 0
        },
        {
          "category": 0,
          "characteristic": 44,
          "effectId": 174,
          "elementId": -1,
          "from": 500,
          "to": 0
        },
        {
          "category": 0,
          "characteristic": 11,
          "effectId": 125,
          "elementId": -1,
          "from": 200,
          "to": 0
        },
        {
          "category": 0,
          "characteristic": 16,
          "effectId": 112,
          "elementId": 5,
          "from": 10,
          "to": 0
        }
      ]
    ],
    "id": 1018,
    "isCosmetic": false,
    "items": [
      31786,
      31787,
      31788,
      31789
    ],
    "level": 200,
    "m_id": 1018,
    "name": {
      "de": "Ausrüstungsset des Gargandyas",
      "en": "Gargandyas Set",
      "es": "Set de Gargandias",
      "fr": "Panoplie de Gargandyas",
      "id": "1138917",
      "pt": "Conjunto de Gargandyas"
    },
    "possibleEffects": [
      [],
      [
        {
          "baseEffectId": 22,
          "className": "EffectInstanceDice",
          "delay": 0,
          "diceNum": 40,
          "diceSide": 0,
          "dispellable": 1,
          "displayZero": false,
          "duration": 0,
          "effectElement": -1,
          "effectId": 138,
          "effectTriggerDuration": 0,
          "effectUid": 0,
          "forClientOnly": false,
          "group": 0,
          "m_flags": 8,
          "modificator": 0,
          "order": 0,
          "random": 0,
          "spellId": -1,
          "targetId": 0,
          "targetMask": "",
          "trigger": false,
          "triggers": "",
          "value": 0,
          "visibleInBuffUi": false,
          "visibleInFightLog": false,
          "visibleInTooltip": false,
          "visibleOnTerrain": true,
          "zoneDescr": {
            "cellIds": [],
            "damageDecreaseStepPercent": 10,
            "isStopAtTarget": false,
            "maxDamageDecreaseApplyCount": 4,
            "param1": 1,
            "param2": 0,
            "shape": 67
          }
        },
        {
          "baseEffectId": 99,
          "className": "EffectInstanceDice",
          "delay": 0,
          "diceNum": 500,
          "diceSide": 0,
          "dispellable": 1,
          "displayZero": false,
          "duration": 0,
          "effectElement": -1,
          "effectId": 174,
          "effectTriggerDuration": 0,
          "effectUid": 0,
          "forClientOnly": false,
          "group": 0,
          "m_flags": 8,
          "modificator": 0,
          "order": 0,
          "random": 0,
          "spellId": -1,
          "targetId": 0,
          "targetMask": "",
          "trigger": false,
          "triggers": "",
          "value": 0,
          "visibleInBuffUi": false,
          "visibleInFightLog": false,
          "visibleInTooltip": false,
          "visibleOnTerrain": true,
          "zoneDescr": {
            "cellIds": [],
            "damageDecreaseStepPercent": 10,
            "isStopAtTarget": false,
            "maxDamageDecreaseApplyCount": 4,
            "param1": 1,
            "param2": 0,
            "shape": 67
          }
        },
        {
          "baseEffectId": 5,
          "className": "EffectInstanceDice",
          "delay": 0,
          "diceNum": 200,
          "diceSide": 0,
          "dispellable": 1,
          "displayZero": false,
          "duration": 0,
          "effectElement": -1,
          "effectId": 125,
          "effectTriggerDuration": 0,
          "effectUid": 0,
          "forClientOnly": false,
          "group": 0,
          "m_flags": 8,
          "modificator": 0,
          "order": 0,
          "random": 0,
          "spellId": -1,
          "targetId": 0,
          "targetMask": "",
          "trigger": false,
          "triggers": "",
          "value": 0,
          "visibleInBuffUi": false,
          "visibleInFightLog": false,
          "visibleInTooltip": false,
          "visibleOnTerrain": true,
          "zoneDescr": {
            "cellIds": [],
            "damageDecreaseStepPercent": 10,
            "isStopAtTarget": false,
            "maxDamageDecreaseApplyCount": 4,
            "param1": 1,
            "param2": 0,
            "shape": 67
          }
        }
      ],
      [
        {
          "baseEffectId": 22,
          "className": "EffectInstanceDice",
          "delay": 0,
          "diceNum": 80,
          "diceSide": 0,
          "dispellable": 1,
          "displayZero": false,
          "duration": 0,
          "effectElement": -1,
          "effectId": 138,
          "effectTriggerDuration": 0,
          "effectUid": 0,
          "forClientOnly": false,
          "group": 0,
          "m_flags": 8,
          "modificator": 0,
          "order": 0,
          "random": 0,
          "spellId": -1,
          "targetId": 0,
          "targetMask": "",
          "trigger": false,
          "triggers": "",
          "value": 0,
          "visibleInBuffUi": false,
          "visibleInFightLog": false,
          "visibleInTooltip": false,
          "visibleOnTerrain": true,
          "zoneDescr": {
            "cellIds": [],
            "damageDecreaseStepPercent": 10,
            "isStopAtTarget": false,
            "maxDamageDecreaseApplyCount": 4,
            "param1": 1,
            "param2": 0,
            "shape": 67
          }
        },
        {
          "baseEffectId": 99,
          "className": "EffectInstanceDice",
          "delay": 0,
          "diceNum": 500,
          "diceSide": 0,
          "dispellable": 1,
          "displayZero": false,
          "duration": 0,
          "effectElement": -1,
          "effectId": 174,
          "effectTriggerDuration": 0,
          "effectUid": 0,
          "forClientOnly": false,
          "group": 0,
          "m_flags": 8,
          "modificator": 0,
          "order": 0,
          "random": 0,
          "spellId": -1,
          "targetId": 0,
          "targetMask": "",
          "trigger": false,
          "triggers": "",
          "value": 0,
          "visibleInBuffUi": false,
          "visibleInFightLog": false,
          "visibleInTooltip": false,
          "visibleOnTerrain": true,
          "zoneDescr": {
            "cellIds": [],
            "damageDecreaseStepPercent": 10,
            "isStopAtTarget": false,
            "maxDamageDecreaseApplyCount": 4,
            "param1": 1,
            "param2": 0,
            "shape": 67
          }
        },
        {
          "baseEffectId": 5,
          "className": "EffectInstanceDice",
          "delay": 0,
          "diceNum": 200,
          "diceSide": 0,
          "dispellable": 1,
          "displayZero": false,
          "duration": 0,
          "effectElement": -1,
          "effectId": 125,
          "effectTriggerDuration": 0,
          "effectUid": 0,
          "forClientOnly": false,
          "group": 0,
          "m_flags": 8,
          "modificator": 0,
          "order": 0,
          "random": 0,
          "spellId": -1,
          "targetId": 0,
          "targetMask": "",
          "trigger": false,
          "triggers": "",
          "value": 0,
          "visibleInBuffUi": false,
          "visibleInFightLog": false,
          "visibleInTooltip": false,
          "visibleOnTerrain": true,
          "zoneDescr": {
            "cellIds": [],
            "damageDecreaseStepPercent": 10,
            "isStopAtTarget": false,
            "maxDamageDecreaseApplyCount": 4,
            "param1": 1,
            "param2": 0,
            "shape": 67
          }
        },
        {
          "baseEffectId": 12,
          "className": "EffectInstanceDice",
          "delay": 0,
          "diceNum": 10,
          "diceSide": 0,
          "dispellable": 1,
          "displayZero": false,
          "duration": 0,
          "effectElement": -1,
          "effectId": 112,
          "effectTriggerDuration": 0,
          "effectUid": 0,
          "forClientOnly": false,
          "group": 0,
          "m_flags": 8,
          "modificator": 0,
          "order": 0,
          "random": 0,
          "spellId": -1,
          "targetId": 0,
          "targetMask": "",
          "trigger": false,
          "triggers": "",
          "value": 0,
          "visibleInBuffUi": false,
          "visibleInFightLog": false,
          "visibleInTooltip": false,
          "visibleOnTerrain": true,
          "zoneDescr": {
            "cellIds": [],
            "damageDecreaseStepPercent": 10,
            "isStopAtTarget": false,
            "maxDamageDecreaseApplyCount": 4,
            "param1": 1,
            "param2": 0,
            "shape": 67
          }
        }
      ]
    ],
    "slug": {
      "de": "ausrustungsset des gargandyas",
      "en": "gargandyas set",
      "es": "set de gargandias",
      "fr": "panoplie de gargandyas",
      "pt": "conjunto de gargandyas"
    },
    "typeIds": [
      6,
      7,
      82,
      1
    ],
    "updatedAt": "2025-09-23T12:09:09.559Z"
  },
  "itemSetId": 1018,
  "legendaryTreasureHuntThatReward": 0,
  "level": 200,
  "m_flags": 1092,
  "m_id": 31789,
  "name": {
    "de": "Halskette des Gargandyas",
    "en": "Gargandyas's Necklace",
    "es": "Collar de Gargandias",
    "fr": "Collier de Gargandyas",
    "id": "1138893",
    "pt": "Colar de Gargandyas"
  },
  "needUseConfirm": false,
  "nonUsableOnAnother": false,
  "possibleEffects": [
    {
      "baseEffectId": 5,
      "className": "EffectInstanceDice",
      "delay": 0,
      "diceNum": 451,
      "diceSide": 500,
      "dispellable": 1,
      "displayZero": false,
      "duration": 0,
      "effectElement": -1,
      "effectId": 125,
      "effectTriggerDuration": 0,
      "effectUid": 0,
      "forClientOnly": false,
      "group": 0,
      "m_flags": 15,
      "modificator": 0,
      "order": 0,
      "random": 0,
      "spellId": -1,
      "targetId": 0,
      "targetMask": "",
      "trigger": false,
      "triggers": "",
      "value": 0,
      "visibleInBuffUi": true,
      "visibleInFightLog": true,
      "visibleInTooltip": true,
      "visibleOnTerrain": true,
      "zoneDescr": {
        "cellIds": [],
        "damageDecreaseStepPercent": 10,
        "isStopAtTarget": false,
        "maxDamageDecreaseApplyCount": 4,
        "param1": 1,
        "param2": 0,
        "shape": 67
      }
    },
    {
      "baseEffectId": 6,
      "className": "EffectInstanceDice",
      "delay": 0,
      "diceNum": 41,
      "diceSide": 60,
      "dispellable": 1,
      "displayZero": false,
      "duration": 0,
      "effectElement": -1,
      "effectId": 124,
      "effectTriggerDuration": 0,
      "effectUid": 0,
      "forClientOnly": false,
      "group": 0,
      "m_flags": 15,
      "modificator": 0,
      "order": 0,
      "random": 0,
      "spellId": -1,
      "targetId": 0,
      "targetMask": "",
      "trigger": false,
      "triggers": "",
      "value": 0,
      "visibleInBuffUi": true,
      "visibleInFightLog": true,
      "visibleInTooltip": true,
      "visibleOnTerrain": true,
      "zoneDescr": {
        "cellIds": [],
        "damageDecreaseStepPercent": 10,
        "isStopAtTarget": false,
        "maxDamageDecreaseApplyCount": 4,
        "param1": 1,
        "param2": 0,
        "shape": 67
      }
    },
    {
      "baseEffectId": 22,
      "className": "EffectInstanceDice",
      "delay": 0,
      "diceNum": 41,
      "diceSide": 60,
      "dispellable": 1,
      "displayZero": false,
      "duration": 0,
      "effectElement": -1,
      "effectId": 138,
      "effectTriggerDuration": 0,
      "effectUid": 0,
      "forClientOnly": false,
      "group": 0,
      "m_flags": 15,
      "modificator": 0,
      "order": 0,
      "random": 0,
      "spellId": -1,
      "targetId": 0,
      "targetMask": "",
      "trigger": false,
      "triggers": "",
      "value": 0,
      "visibleInBuffUi": true,
      "visibleInFightLog": true,
      "visibleInTooltip": true,
      "visibleOnTerrain": true,
      "zoneDescr": {
        "cellIds": [],
        "damageDecreaseStepPercent": 10,
        "isStopAtTarget": false,
        "maxDamageDecreaseApplyCount": 4,
        "param1": 1,
        "param2": 0,
        "shape": 67
      }
    },
    {
      "baseEffectId": 10,
      "className": "EffectInstanceDice",
      "delay": 0,
      "diceNum": 3,
      "diceSide": 4,
      "dispellable": 1,
      "displayZero": false,
      "duration": 0,
      "effectElement": -1,
      "effectId": 115,
      "effectTriggerDuration": 0,
      "effectUid": 0,
      "forClientOnly": false,
      "group": 0,
      "m_flags": 15,
      "modificator": 0,
      "order": 0,
      "random": 0,
      "spellId": -1,
      "targetId": 0,
      "targetMask": "",
      "trigger": false,
      "triggers": "",
      "value": 0,
      "visibleInBuffUi": true,
      "visibleInFightLog": true,
      "visibleInTooltip": true,
      "visibleOnTerrain": true,
      "zoneDescr": {
        "cellIds": [],
        "damageDecreaseStepPercent": 10,
        "isStopAtTarget": false,
        "maxDamageDecreaseApplyCount": 4,
        "param1": 1,
        "param2": 0,
        "shape": 67
      }
    },
    {
      "baseEffectId": 2,
      "className": "EffectInstanceDice",
      "delay": 0,
      "diceNum": 2,
      "diceSide": 0,
      "dispellable": 1,
      "displayZero": false,
      "duration": 0,
      "effectElement": -1,
      "effectId": 111,
      "effectTriggerDuration": 0,
      "effectUid": 0,
      "forClientOnly": false,
      "group": 0,
      "m_flags": 15,
      "modificator": 0,
      "order": 0,
      "random": 0,
      "spellId": -1,
      "targetId": 0,
      "targetMask": "",
      "trigger": false,
      "triggers": "",
      "value": 0,
      "visibleInBuffUi": true,
      "visibleInFightLog": true,
      "visibleInTooltip": true,
      "visibleOnTerrain": true,
      "zoneDescr": {
        "cellIds": [],
        "damageDecreaseStepPercent": 10,
        "isStopAtTarget": false,
        "maxDamageDecreaseApplyCount": 4,
        "param1": 1,
        "param2": 0,
        "shape": 67
      }
    },
    {
      "baseEffectId": 36,
      "className": "EffectInstanceDice",
      "delay": 0,
      "diceNum": 1,
      "diceSide": 0,
      "dispellable": 1,
      "displayZero": false,
      "duration": 0,
      "effectElement": -1,
      "effectId": 169,
      "effectTriggerDuration": 0,
      "effectUid": 0,
      "forClientOnly": false,
      "group": 0,
      "m_flags": 15,
      "modificator": 0,
      "order": 0,
      "random": 0,
      "spellId": -1,
      "targetId": 0,
      "targetMask": "",
      "trigger": false,
      "triggers": "",
      "value": 0,
      "visibleInBuffUi": true,
      "visibleInFightLog": true,
      "visibleInTooltip": true,
      "visibleOnTerrain": true,
      "zoneDescr": {
        "cellIds": [],
        "damageDecreaseStepPercent": 10,
        "isStopAtTarget": false,
        "maxDamageDecreaseApplyCount": 4,
        "param1": 1,
        "param2": 0,
        "shape": 67
      }
    },
    {
      "baseEffectId": 11,
      "className": "EffectInstanceDice",
      "delay": 0,
      "diceNum": 1,
      "diceSide": 0,
      "dispellable": 1,
      "displayZero": false,
      "duration": 0,
      "effectElement": -1,
      "effectId": 117,
      "effectTriggerDuration": 0,
      "effectUid": 0,
      "forClientOnly": false,
      "group": 0,
      "m_flags": 15,
      "modificator": 0,
      "order": 0,
      "random": 0,
      "spellId": -1,
      "targetId": 0,
      "targetMask": "",
      "trigger": false,
      "triggers": "",
      "value": 0,
      "visibleInBuffUi": true,
      "visibleInFightLog": true,
      "visibleInTooltip": true,
      "visibleOnTerrain": true,
      "zoneDescr": {
        "cellIds": [],
        "damageDecreaseStepPercent": 10,
        "isStopAtTarget": false,
        "maxDamageDecreaseApplyCount": 4,
        "param1": 1,
        "param2": 0,
        "shape": 67
      }
    },
    {
      "baseEffectId": 23,
      "className": "EffectInstanceDice",
      "delay": 0,
      "diceNum": 2,
      "diceSide": 0,
      "dispellable": 1,
      "displayZero": false,
      "duration": 0,
      "effectElement": -1,
      "effectId": 182,
      "effectTriggerDuration": 0,
      "effectUid": 0,
      "forClientOnly": false,
      "group": 0,
      "m_flags": 15,
      "modificator": 0,
      "order": 0,
      "random": 0,
      "spellId": -1,
      "targetId": 0,
      "targetMask": "",
      "trigger": false,
      "triggers": "",
      "value": 0,
      "visibleInBuffUi": true,
      "visibleInFightLog": true,
      "visibleInTooltip": true,
      "visibleOnTerrain": true,
      "zoneDescr": {
        "cellIds": [],
        "damageDecreaseStepPercent": 10,
        "isStopAtTarget": false,
        "maxDamageDecreaseApplyCount": 4,
        "param1": 1,
        "param2": 0,
        "shape": 67
      }
    },
    {
      "baseEffectId": 377,
      "className": "EffectInstanceDice",
      "delay": 0,
      "diceNum": 20,
      "diceSide": 0,
      "dispellable": 1,
      "displayZero": false,
      "duration": 0,
      "effectElement": -1,
      "effectId": 754,
      "effectTriggerDuration": 0,
      "effectUid": 0,
      "forClientOnly": false,
      "group": 0,
      "m_flags": 15,
      "modificator": 0,
      "order": 0,
      "random": 0,
      "spellId": -1,
      "targetId": 0,
      "targetMask": "",
      "trigger": false,
      "triggers": "",
      "value": 0,
      "visibleInBuffUi": true,
      "visibleInFightLog": true,
      "visibleInTooltip": true,
      "visibleOnTerrain": true,
      "zoneDescr": {
        "cellIds": [],
        "damageDecreaseStepPercent": 10,
        "isStopAtTarget": false,
        "maxDamageDecreaseApplyCount": 4,
        "param1": 1,
        "param2": 0,
        "shape": 67
      }
    },
    {
      "baseEffectId": 352,
      "className": "EffectInstanceDice",
      "delay": 0,
      "diceNum": 20,
      "diceSide": 0,
      "dispellable": 1,
      "displayZero": false,
      "duration": 0,
      "effectElement": -1,
      "effectId": 163,
      "effectTriggerDuration": 0,
      "effectUid": 0,
      "forClientOnly": false,
      "group": 0,
      "m_flags": 15,
      "modificator": 0,
      "order": 0,
      "random": 0,
      "spellId": -1,
      "targetId": 0,
      "targetMask": "",
      "trigger": false,
      "triggers": "",
      "value": 0,
      "visibleInBuffUi": true,
      "visibleInFightLog": true,
      "visibleInTooltip": true,
      "visibleOnTerrain": true,
      "zoneDescr": {
        "cellIds": [],
        "damageDecreaseStepPercent": 10,
        "isStopAtTarget": false,
        "maxDamageDecreaseApplyCount": 4,
        "param1": 1,
        "param2": 0,
        "shape": 67
      }
    },
    {
      "baseEffectId": 357,
      "className": "EffectInstanceDice",
      "delay": 0,
      "diceNum": 16,
      "diceSide": 20,
      "dispellable": 1,
      "displayZero": false,
      "duration": 0,
      "effectElement": -1,
      "effectId": 414,
      "effectTriggerDuration": 0,
      "effectUid": 0,
      "forClientOnly": false,
      "group": 0,
      "m_flags": 15,
      "modificator": 0,
      "order": 0,
      "random": 0,
      "spellId": -1,
      "targetId": 0,
      "targetMask": "",
      "trigger": false,
      "triggers": "",
      "value": 0,
      "visibleInBuffUi": true,
      "visibleInFightLog": true,
      "visibleInTooltip": true,
      "visibleOnTerrain": true,
      "zoneDescr": {
        "cellIds": [],
        "damageDecreaseStepPercent": 10,
        "isStopAtTarget": false,
        "maxDamageDecreaseApplyCount": 4,
        "param1": 1,
        "param2": 0,
        "shape": 67
      }
    },
    {
      "baseEffectId": 359,
      "className": "EffectInstanceDice",
      "delay": 0,
      "diceNum": 31,
      "diceSide": 40,
      "dispellable": 1,
      "displayZero": false,
      "duration": 0,
      "effectElement": -1,
      "effectId": 416,
      "effectTriggerDuration": 0,
      "effectUid": 0,
      "forClientOnly": false,
      "group": 0,
      "m_flags": 15,
      "modificator": 0,
      "order": 0,
      "random": 0,
      "spellId": -1,
      "targetId": 0,
      "targetMask": "",
      "trigger": false,
      "triggers": "",
      "value": 0,
      "visibleInBuffUi": true,
      "visibleInFightLog": true,
      "visibleInTooltip": true,
      "visibleOnTerrain": true,
      "zoneDescr": {
        "cellIds": [],
        "damageDecreaseStepPercent": 10,
        "isStopAtTarget": false,
        "maxDamageDecreaseApplyCount": 4,
        "param1": 1,
        "param2": 0,
        "shape": 67
      }
    },
    {
      "baseEffectId": 450,
      "className": "EffectInstanceDice",
      "delay": 0,
      "diceNum": 3,
      "diceSide": 5,
      "dispellable": 1,
      "displayZero": false,
      "duration": 0,
      "effectElement": -1,
      "effectId": 2803,
      "effectTriggerDuration": 0,
      "effectUid": 0,
      "forClientOnly": false,
      "group": 0,
      "m_flags": 15,
      "modificator": 0,
      "order": 0,
      "random": 0,
      "spellId": -1,
      "targetId": 0,
      "targetMask": "",
      "trigger": false,
      "triggers": "",
      "value": 0,
      "visibleInBuffUi": true,
      "visibleInFightLog": true,
      "visibleInTooltip": true,
      "visibleOnTerrain": true,
      "zoneDescr": {
        "cellIds": [],
        "damageDecreaseStepPercent": 10,
        "isStopAtTarget": false,
        "maxDamageDecreaseApplyCount": 4,
        "param1": 1,
        "param2": 0,
        "shape": 67
      }
    },
    {
      "baseEffectId": 454,
      "className": "EffectInstanceDice",
      "delay": 0,
      "diceNum": 3,
      "diceSide": 5,
      "dispellable": 1,
      "displayZero": false,
      "duration": 0,
      "effectElement": -1,
      "effectId": 2807,
      "effectTriggerDuration": 0,
      "effectUid": 0,
      "forClientOnly": false,
      "group": 0,
      "m_flags": 15,
      "modificator": 0,
      "order": 0,
      "random": 0,
      "spellId": -1,
      "targetId": 0,
      "targetMask": "",
      "trigger": false,
      "triggers": "",
      "value": 0,
      "visibleInBuffUi": true,
      "visibleInFightLog": true,
      "visibleInTooltip": true,
      "visibleOnTerrain": true,
      "zoneDescr": {
        "cellIds": [],
        "damageDecreaseStepPercent": 10,
        "isStopAtTarget": false,
        "maxDamageDecreaseApplyCount": 4,
        "param1": 1,
        "param2": 0,
        "shape": 67
      }
    }
  ],
  "price": 20000,
  "questsThatReward": [],
  "questsThatUse": [],
  "realWeight": 100,
  "recipeIds": [],
  "recipeSlots": 8,
  "recipesThatUse": [],
  "recyclingNuggets": 0,
  "resourcesBySubarea": [],
  "secretRecipe": false,
  "slug": {
    "de": "halskette des gargandyas",
    "en": "gargandyas's necklace",
    "es": "collar de gargandias",
    "fr": "collier de gargandyas",
    "pt": "colar de gargandyas"
  },
  "startLegendaryTreasureHunt": 0,
  "targetable": false,
  "twoHanded": false,
  "type": {
    "_id": "674e524064788cc741418404",
    "categoryId": 0,
    "className": "ItemTypeData",
    "craftXpRatio": -1,
    "createdAt": "2024-12-03T00:35:12.568Z",
    "evolutiveTypeId": 0,
    "id": 1,
    "isInEncyclopedia": true,
    "m_id": 1,
    "name": {
      "de": "Amulett",
      "en": "Amulet",
      "es": "Amuleto",
      "fr": "Amulette",
      "id": "915868",
      "pt": "Amuleto"
    },
    "rawZone": "",
    "superType": {
      "_id": "60abc34ca664687005dfd1b9",
      "className": "ItemSuperTypeData",
      "createdAt": "2021-05-24T15:16:28.560Z",
      "id": 1,
      "m_id": 1,
      "name": {
        "de": "Amulett",
        "en": "Amulet",
        "es": "Amuleto",
        "fr": "Amulette",
        "pt": "Amuleto"
      },
      "positions": [
        0
      ],
      "updatedAt": "2025-09-23T12:09:10.064Z"
    },
    "superTypeId": 1,
    "updatedAt": "2025-09-23T12:09:10.305Z"
  },
  "typeId": 1,
  "updatedAt": "2025-09-23T12:09:30.131Z",
  "usable": false,
  "visibilityCriterion": ""
}